// Jest Snapshot v1, https://goo.gl/fbAQLP

exports[`components/ErrorText renders successfully with content 1`] = `
<View
  pointerEvents="box-none"
  style={
    Object {
      "flex": 1,
    }
  }
>
  <View
    collapsable={true}
    pointerEvents="box-none"
    style={
      Object {
        "flex": 1,
      }
    }
  >
    <Text
      style={
        Object {
          "color": "#FC4173",
          "fontSize": 13,
          "textTransform": "none",
        }
      }
    >
      Error
    </Text>
  </View>
</View>
`;
